\BOOKMARK [0][]{chapter*.1}{Sommario}{}% 1
\BOOKMARK [0][]{chapter*.4}{Elenco delle tabelle}{}% 2
\BOOKMARK [0][]{chapter*.5}{Elenco delle figure}{}% 3
\BOOKMARK [-1][]{part.1}{I Prima Parte}{}% 4
\BOOKMARK [0][]{chapter.1}{Introduzione generale}{part.1}% 5
\BOOKMARK [1][]{section.1.1}{Principi generali}{chapter.1}% 6
\BOOKMARK [1][]{section.1.2}{I satelliti medicei}{chapter.1}% 7
\BOOKMARK [0][]{chapter.2}{Il barometro}{part.1}% 8
\BOOKMARK [1][]{section.2.1}{Generalit\340}{chapter.2}% 9
\BOOKMARK [2][]{subsection.2.1.1}{Forma del barometro}{section.2.1}% 10
\BOOKMARK [1][]{section.2.2}{Del mercurio}{chapter.2}% 11
\BOOKMARK [0][]{chapter.3}{Il listato del pacchetto topcoman.sty}{part.1}% 12
\BOOKMARK [0][]{chapter*.6}{Bibliografia}{part.1}% 13
